\BOOKMARK [1][-]{section.1}{\376\377\000\116\000\157\000\164\000\141\000\164\000\151\000\157\000\156\000\163}{}% 1
\BOOKMARK [1][-]{section.2}{\376\377\000\104\000\145\000\146\000\151\000\156\000\151\000\164\000\151\000\157\000\156}{}% 2
\BOOKMARK [2][-]{subsection.2.1}{\376\377\000\110\000\145\000\162\000\155\000\151\000\164\000\151\000\141\000\156\000\040\000\155\000\141\000\164\000\162\000\151\000\170}{section.2}% 3
\BOOKMARK [1][-]{section.3}{\376\377\000\160\000\162\000\157\000\160\000\145\000\162\000\164\000\151\000\145\000\163}{}% 4
\BOOKMARK [1][-]{section.4}{\376\377\000\110\000\157\000\167\000\040\000\164\000\157\000\040\000\152\000\165\000\144\000\147\000\145\000\040\000\141\000\040\000\160\000\157\000\163\000\151\000\164\000\151\000\166\000\145\000\055\000\144\000\145\000\146\000\151\000\156\000\151\000\164\000\145\000\040\000\155\000\141\000\164\000\162\000\151\000\170}{}% 5
